---
source: tests/cli.rs
expression: parsed
---
[
  {
    "ahead": 0,
    "behind": 0,
    "clean": false,
    "current_ref": "[ref]",
    "detached": false,
    "directory": ".",
    "exists": true,
    "expected_ref": "",
    "mode": "",
    "stale": false
  },
  {
    "ahead": 0,
    "behind": 0,
    "clean": true,
    "current_ref": "[ref]",
    "detached": false,
    "directory": "libs/mylib",
    "exists": true,
    "expected_ref": "main",
    "mode": "readwrite",
    "stale": false
  }
]
