---
source: tests/cli.rs
expression: parsed
---
[
  {
    "ahead": 0,
    "behind": 0,
    "cache": "mirror",
    "clean": true,
    "current_ref": "[ref]",
    "detached": false,
    "directory": "libs/mylib",
    "exists": true,
    "expected_ref": "main",
    "mode": "readwrite",
    "stale": false,
    "symlink": false,
    "symlink_target": ""
  },
  {
    "bytes": "[bytes]",
    "cache_dir": "[cache-dir]",
    "entries": 1
  }
]
